// Jest Snapshot v1, https://goo.gl/fbAQLP

exports[`ArticleList renders correctly 1`] = `
ShallowWrapper {
  "length": 1,
  Symbol(enzyme.__root__): [Circular],
  Symbol(enzyme.__unrendered__): <ArticleList
    articles={
      Object {
        "a": Object {
          "article": "a",
          "body": "a",
          "id": "a",
          "title": "a",
        },
        "b": Object {
          "article": "a",
          "body": "a",
          "id": "b",
          "title": "b",
        },
      }
    }
    store={
      Object {
        "lookupAuthor": [MockFunction],
      }
    }
  />,
  Symbol(enzyme.__renderer__): Object {
    "batchedUpdates": [Function],
    "getNode": [Function],
    "render": [Function],
    "simulateEvent": [Function],
    "unmount": [Function],
  },
  Symbol(enzyme.__node__): Object {
    "instance": null,
    "key": undefined,
    "nodeType": "host",
    "props": Object {
      "children": Array [
        <Article
          article={
            Object {
              "article": "a",
              "body": "a",
              "id": "a",
              "title": "a",
            }
          }
        />,
        <Article
          article={
            Object {
              "article": "a",
              "body": "a",
              "id": "b",
              "title": "b",
            }
          }
        />,
      ],
    },
    "ref": null,
    "rendered": Array [
      Object {
        "instance": null,
        "key": "a",
        "nodeType": "function",
        "props": Object {
          "article": Object {
            "article": "a",
            "body": "a",
            "id": "a",
            "title": "a",
          },
        },
        "ref": null,
        "rendered": null,
        "type": [Function],
      },
      Object {
        "instance": null,
        "key": "b",
        "nodeType": "function",
        "props": Object {
          "article": Object {
            "article": "a",
            "body": "a",
            "id": "b",
            "title": "b",
          },
        },
        "ref": null,
        "rendered": null,
        "type": [Function],
      },
    ],
    "type": "div",
  },
  Symbol(enzyme.__nodes__): Array [
    Object {
      "instance": null,
      "key": undefined,
      "nodeType": "host",
      "props": Object {
        "children": Array [
          <Article
            article={
              Object {
                "article": "a",
                "body": "a",
                "id": "a",
                "title": "a",
              }
            }
          />,
          <Article
            article={
              Object {
                "article": "a",
                "body": "a",
                "id": "b",
                "title": "b",
              }
            }
          />,
        ],
      },
      "ref": null,
      "rendered": Array [
        Object {
          "instance": null,
          "key": "a",
          "nodeType": "function",
          "props": Object {
            "article": Object {
              "article": "a",
              "body": "a",
              "id": "a",
              "title": "a",
            },
          },
          "ref": null,
          "rendered": null,
          "type": [Function],
        },
        Object {
          "instance": null,
          "key": "b",
          "nodeType": "function",
          "props": Object {
            "article": Object {
              "article": "a",
              "body": "a",
              "id": "b",
              "title": "b",
            },
          },
          "ref": null,
          "rendered": null,
          "type": [Function],
        },
      ],
      "type": "div",
    },
  ],
  Symbol(enzyme.__options__): Object {
    "adapter": ReactSixteenAdapter {
      "options": Object {
        "enableComponentDidUpdateOnSetState": true,
      },
    },
  },
}
`;
